Using username "ubuntu".
Authenticating with public key "imported-openssh-key"
Welcome to Ubuntu 18.04.4 LTS (GNU/Linux 5.3.0-1017-aws x86_64)

 * Documentation:  https://help.ubuntu.com
 * Management:     https://landscape.canonical.com
 * Support:        https://ubuntu.com/advantage

  System information as of Mon May  4 12:57:01 UTC 2020  

  System load:  0.33              Processes:           99
  Usage of /:   23.6% of 9.63GB   Users logged in:     0
  Memory usage: 32%               IP address for eth0: 172.31.43.11
  Swap usage:   0%

 * Ubuntu 20.04 LTS is out, raising the bar on performance, security,
   and optimisation for Intel, AMD, Nvidia, ARM64 and Z15 as well as
   AWS, Azure and Google Cloud.

     https://ubuntu.com/blog/ubuntu-20-04-lts-arrives


 * Canonical Livepatch is available for installation.
   - Reduce system reboots and improve kernel security. Activate at:
     https://ubuntu.com/livepatch

8 packages can be updated.
0 updates are security updates.


Last login: Tue Apr 28 10:38:43 2020 from 37.190.107.8
ubuntu@ip-172-31-43-11:~$
Using username "ubuntu".
Authenticating with public key "imported-openssh-key"
Welcome to Ubuntu 18.04.4 LTS (GNU/Linux 5.3.0-1017-aws x86_64)

 * Documentation:  https://help.ubuntu.com
 * Management:     https://landscape.canonical.com
 * Support:        https://ubuntu.com/advantage

  System information as of Mon May  4 15:54:36 UTC 2020

  System load:  0.0               Processes:           99
  Usage of /:   23.6% of 9.63GB   Users logged in:     0
  Memory usage: 32%               IP address for eth0: 172.31.43.11
  Swap usage:   0%

 * Ubuntu 20.04 LTS is out, raising the bar on performance, security,
   and optimisation for Intel, AMD, Nvidia, ARM64 and Z15 as well as
   AWS, Azure and Google Cloud.

     https://ubuntu.com/blog/ubuntu-20-04-lts-arrives


 * Canonical Livepatch is available for installation.
   - Reduce system reboots and improve kernel security. Activate at:
     https://ubuntu.com/livepatch

8 packages can be updated.
0 updates are security updates.


Last login: Mon May  4 12:57:02 2020 from 91.205.168.42
ubuntu@ip-172-31-43-11:~$ sudo mysql -u root -p
Enter password:
Welcome to the MySQL monitor.  Commands end with ; or \g.
Your MySQL connection id is 2
Server version: 5.7.29-0ubuntu0.18.04.1 (Ubuntu)

Copyright (c) 2000, 2020, Oracle and/or its affiliates. All rights reserved.

Oracle is a registered trademark of Oracle Corporation and/or its
affiliates. Other names may be trademarks of their respective
owners.

Type 'help;' or '\h' for help. Type '\c' to clear the current input statement.

mysql> USE shop
ERROR 1049 (42000): Unknown database 'shop'
mysql> USE shop.sql
ERROR 1049 (42000): Unknown database 'shop.sql'
mysql> DROP TABLE IF EXISTS users;
  birthday_at DATE COMMENT 'Дата рождения',
ERROR 1046 (3D000): No database selected
mysql> CREATE TABLE users (
    ->   id SERIAL PRIMARY KEY,
    ->   name VARCHAR(255) COMMENT 'Имя покупателя',
    ->   birthday_at DATE COMMENT 'Дата рождения',
    ->   created_at DATETIME DEFAULT CURRENT_TIMESTAMP,
    ->   updated_at DATETIME DEFAULT CURRENT_TIMESTAMP ON UPDATE CURRENT_TIMESTA                                                       MP
    -> ) COMMENT = 'Покупатели';
ERROR 1046 (3D000): No database selected
mysql> DROP DATABASE shop;
ERROR 1008 (HY000): Can't drop database 'shop'; database doesn't exist
mysql> CREATE DATABASE shop;
Query OK, 1 row affected (0.00 sec)

mysql> SHOW TABLES;
ERROR 1046 (3D000): No database selected
mysql> USE shop;
Database changed
mysql> SHOW TABLES;
Empty set (0.00 sec)

mysql> DROP TABLE IF EXISTS users;
Query OK, 0 rows affected, 1 warning (0.00 sec)

mysql> CREATE TABLE users (
    ->   id SERIAL PRIMARY KEY,
    ->   name VARCHAR(255) COMMENT 'Имя покупателя',
    ->   birthday_at DATE COMMENT 'Дата рождения',
    ->   created_at DATETIME DEFAULT CURRENT_TIMESTAMP,
    ->   updated_at DATETIME DEFAULT CURRENT_TIMESTAMP ON UPDATE CURRENT_TIMESTA                                                       MP
    -> ) COMMENT = 'Покупатели';
Query OK, 0 rows affected (0.01 sec)

mysql> SHOW TABLES;
+----------------+
| Tables_in_shop |
+----------------+
| users          |
+----------------+
1 row in set (0.00 sec)

mysql> SELECT * FROM users LIMIT 10;
Empty set (0.01 sec)

mysql> INSERT INTO users (name, birthday_at) VALUES
    ->   ('Геннадий', '1990-10-05'),
    ->   ('Наталья', '1984-11-12'),
    ->   ('Александр', '1985-05-20'),
    ->   ('Сергей', '1988-02-14'),
    ->   ('Иван', '1998-01-12'),
    ->   ('Мария', '1992-08-29');
ERROR 1366 (HY000): Incorrect string value: '\xD0\x93\xD0\xB5\xD0\xBD...' for co                                                       lumn 'name' at row 1
mysql> DELETE TABLE usere;
ERROR 1064 (42000): You have an error in your SQL syntax; check the manual that corresponds to your My                                 SQL server version for the right syntax to use near 'TABLE usere' at line 1
mysql> DELETE TABLE users;
ERROR 1064 (42000): You have an error in your SQL syntax; check the manual that corresponds to your My                                 SQL server version for the right syntax to use near 'TABLE users' at line 1
mysql> UPDATE TABLE users (
    -> id SERIAL PRIMARY KEY,
    ->   name VARCHAR(255) COMMENT 'Customer name',
    ->   birthday_at DATE COMMENT 'Birthday',
    ->   created_at DATETIME DEFAULT CURRENT_TIMESTAMP,
    ->   updated_at DATETIME DEFAULT CURRENT_TIMESTAMP ON UPDATE CURRENT_TIMESTAMP
    -> ) COMMENT = 'Customers';
ERROR 1064 (42000): You have an error in your SQL syntax; check the manual that corresponds to your My                                 SQL server version for the right syntax to use near 'TABLE users (
id SERIAL PRIMARY KEY,
  name VARCHAR(255) COMMENT 'Customer name'' at line 1
mysql> ALTER TABLE users DROP COLUMN name;
Query OK, 0 rows affected (0.03 sec)
Records: 0  Duplicates: 0  Warnings: 0

mysql> DESC users;
+-------------+---------------------+------+-----+-------------------+-----------------------------+
| Field       | Type                | Null | Key | Default           | Extra                       |
+-------------+---------------------+------+-----+-------------------+-----------------------------+
| id          | bigint(20) unsigned | NO   | PRI | NULL              | auto_increment              |
| birthday_at | date                | YES  |     | NULL              |                             |
| created_at  | datetime            | YES  |     | CURRENT_TIMESTAMP |                             |
| updated_at  | datetime            | YES  |     | CURRENT_TIMESTAMP | on update CURRENT_TIMESTAMP |
+-------------+---------------------+------+-----+-------------------+-----------------------------+
4 rows in set (0.00 sec)

mysql> SELECT * FROM users;
Empty set (0.00 sec)

mysql> INSERT INTO users (name, birthday_at) VALUES
    ->   ('Gennany', '1990-10-05'),
    ->   ('Natalya', '1984-11-12'),
    ->   ('Alexander', '1985-05-20'),
    ->   ('Sergey', '1988-02-14'),
    ->   ('Ivan', '1998-01-12'),
    ->   ('Marya', '1992-08-29');
ERROR 1054 (42S22): Unknown column 'name' in 'field list'
mysql> ALTER TABLE profiles ADD COLUMN photo_id INT UNSIGNED AFTER country;
ERROR 1146 (42S02): Table 'shop.profiles' doesn't exist
mysql> ALTER TABLE users ADD COLUMN name VARCHAR(255) AFTER id;
Query OK, 0 rows affected (0.02 sec)
Records: 0  Duplicates: 0  Warnings: 0

mysql> DESC users;
+-------------+---------------------+------+-----+-------------------+-----------------------------+
| Field       | Type                | Null | Key | Default           | Extra                       |
+-------------+---------------------+------+-----+-------------------+-----------------------------+
| id          | bigint(20) unsigned | NO   | PRI | NULL              | auto_increment              |
| name        | varchar(255)        | YES  |     | NULL              |                             |
| birthday_at | date                | YES  |     | NULL              |                             |
| created_at  | datetime            | YES  |     | CURRENT_TIMESTAMP |                             |
| updated_at  | datetime            | YES  |     | CURRENT_TIMESTAMP | on update CURRENT_TIMESTAMP |
+-------------+---------------------+------+-----+-------------------+-----------------------------+
5 rows in set (0.00 sec)

mysql> INSERT INTO users (name, birthday_at) VALUES
    ->   ('Gennany', '1990-10-05'),
    ->   ('Natalya', '1984-11-12'),
    ->   ('Alexander', '1985-05-20'),
    ->   ('Sergey', '1988-02-14'),
    ->   ('Ivan', '1998-01-12'),
    ->   ('Marya', '1992-08-29');
Query OK, 6 rows affected (0.00 sec)
Records: 6  Duplicates: 0  Warnings: 0

mysql> SELECT * FROM users;
+----+-----------+-------------+---------------------+---------------------+
| id | name      | birthday_at | created_at          | updated_at          |
+----+-----------+-------------+---------------------+---------------------+
|  1 | Gennany   | 1990-10-05  | 2020-05-04 16:23:27 | 2020-05-04 16:23:27 |
|  2 | Natalya   | 1984-11-12  | 2020-05-04 16:23:27 | 2020-05-04 16:23:27 |
|  3 | Alexander | 1985-05-20  | 2020-05-04 16:23:27 | 2020-05-04 16:23:27 |
|  4 | Sergey    | 1988-02-14  | 2020-05-04 16:23:27 | 2020-05-04 16:23:27 |
|  5 | Ivan      | 1998-01-12  | 2020-05-04 16:23:27 | 2020-05-04 16:23:27 |
|  6 | Marya     | 1992-08-29  | 2020-05-04 16:23:27 | 2020-05-04 16:23:27 |
+----+-----------+-------------+---------------------+---------------------+
6 rows in set (0.00 sec)

mysql>
Using username "ubuntu".
Authenticating with public key "imported-openssh-key"
Welcome to Ubuntu 18.04.4 LTS (GNU/Linux 5.3.0-1017-aws x86_64)

 * Documentation:  https://help.ubuntu.com
 * Management:     https://landscape.canonical.com
 * Support:        https://ubuntu.com/advantage

  System information as of Mon May  4 17:01:45 UTC 2020

  System load:  0.0               Processes:           104
  Usage of /:   23.6% of 9.63GB   Users logged in:     1
  Memory usage: 34%               IP address for eth0: 172.31.43.11
  Swap usage:   0%

 * Ubuntu 20.04 LTS is out, raising the bar on performance, security,
   and optimisation for Intel, AMD, Nvidia, ARM64 and Z15 as well as
   AWS, Azure and Google Cloud.

     https://ubuntu.com/blog/ubuntu-20-04-lts-arrives


 * Canonical Livepatch is available for installation.
   - Reduce system reboots and improve kernel security. Activate at:
     https://ubuntu.com/livepatch

8 packages can be updated.
0 updates are security updates.


Last login: Mon May  4 15:54:39 2020 from 91.205.168.42
ubuntu@ip-172-31-43-11:~$ sudo mysql -u root -p
Enter password:
Welcome to the MySQL monitor.  Commands end with ; or \g.
Your MySQL connection id is 3
Server version: 5.7.29-0ubuntu0.18.04.1 (Ubuntu)

Copyright (c) 2000, 2020, Oracle and/or its affiliates. All rights reserved.

Oracle is a registered trademark of Oracle Corporation and/or its
affiliates. Other names may be trademarks of their respective
owners.

Type 'help;' or '\h' for help. Type '\c' to clear the current input statement.

mysql> DROP TABLE IF EXISTS storehouses_products;
ERROR 1046 (3D000): No database selected
mysql> CREATE TABLE storehouses_products (
    ->   id SERIAL PRIMARY KEY,
    ->   storehouse_id INT UNSIGNED,
    ->   product_id INT UNSIGNED,
    ->   value INT UNSIGNED COMMENT 'Запас товарной позиции на складе',
    ->   created_at DATETIME DEFAULT CURRENT_TIMESTAMP,
    ->   updated_at DATETIME DEFAULT CURRENT_TIMESTAMP ON UPDATE CURRENT_TIMESTAMP
    -> ) COMMENT = 'Запасы на складе';
ERROR 1046 (3D000): No database selected
mysql> USE shop;
Reading table information for completion of table and column names
You can turn off this feature to get a quicker startup with -A

Database changed
mysql> DROP TABLE IF EXISTS storehouses_products;
Query OK, 0 rows affected, 1 warning (0.00 sec)

mysql> CREATE TABLE storehouses_products (
    ->   id SERIAL PRIMARY KEY,
  id SERIAL PRIMARY KEY,
    ->   storehouse_id INT UNSIGNED,
    ->   product_id INT UNSIGNED,
    ->   value INT UNSIGNED COMMENT 'Запас товарной позиции на складе',
    ->   created_at DATETIME DEFAULT CURRENT_TIMESTAMP,
    ->   updated_at DATETIME DEFAULT CURRENT_TIMESTAMP ON UPDATE CURRENT_TIMESTAMP
    -> ) COMMENT = 'Запасы на складе';
Query OK, 0 rows affected (0.02 sec)

mysql> USE vk;
Reading table information for completion of table and column names
You can turn off this feature to get a quicker startup with -A

Database changed
mysql> SHOW TABLES;
+---------------------+
| Tables_in_vk        |
+---------------------+
| communities         |
| communities_users   |
| friendship          |
| friendship_statuses |
| media               |
| media_types         |
| messages            |
| profiles            |
| users               |
+---------------------+
9 rows in set (0.00 sec)

mysql> SELECT * FROM users LIMIT 10;
+----+------------+-------------+-----------------------------+---------------------+-----------------                                 ----+---------------------+
| id | first_name | last_name   | email                       | phone               | created_at                                           | updated_at          |
+----+------------+-------------+-----------------------------+---------------------+-----------------                                 ----+---------------------+
|  1 | Linnea     | Heidenreich | anika.walsh@example.net     | +14(9)8559106127    | 2014-02-25 13:48                                 :34 | 2015-06-06 12:37:19 |
|  2 | Alysson    | Runte       | kuhlman.rodrick@example.net | 165-568-9212x11557  | 2017-09-04 09:57                                 :10 | 2020-04-27 20:03:51 |
|  3 | Luther     | Ritchie     | sabryna35@example.com       | (576)732-6005x35837 | 2015-03-01 17:03                                 :14 | 2016-05-21 08:41:45 |
|  4 | Ubaldo     | Littel      | kuhlman.arianna@example.net | (333)696-4196x67934 | 2010-07-25 01:25                                 :11 | 2018-03-26 19:50:27 |
|  5 | Velda      | Boehm       | elangworth@example.com      | 583-179-4243        | 2013-05-05 20:14                                 :44 | 2020-04-27 20:03:51 |
|  6 | Rogers     | Nader       | rolfson.jevon@example.net   | +05(0)0703201243    | 2020-03-15 03:02                                 :02 | 2020-04-27 20:03:51 |
|  7 | Brad       | Grant       | conner77@example.com        | (578)798-0266       | 2017-01-14 16:59                                 :30 | 2017-03-16 15:58:59 |
|  8 | Jerry      | Erdman      | foster37@example.net        | +49(9)3126994305    | 2011-11-06 09:14                                 :25 | 2020-04-27 20:03:51 |
|  9 | Jamil      | Bradtke     | joseph98@example.com        | 673.879.0425x00045  | 2018-09-29 13:11                                 :06 | 2020-04-27 20:03:51 |
| 10 | Carroll    | Balistreri  | metz.halle@example.org      | 603.675.9572x076    | 2012-04-07 19:42                                 :09 | 2019-03-01 18:17:56 |
+----+------------+-------------+-----------------------------+---------------------+-----------------                                 ----+---------------------+
10 rows in set (0.00 sec)

mysql> DESC users;
+------------+------------------+------+-----+-------------------+-----------------------------+
| Field      | Type             | Null | Key | Default           | Extra                       |
+------------+------------------+------+-----+-------------------+-----------------------------+
| id         | int(10) unsigned | NO   | PRI | NULL              | auto_increment              |
| first_name | varchar(100)     | NO   |     | NULL              |                             |
| last_name  | varchar(100)     | NO   |     | NULL              |                             |
| email      | varchar(120)     | NO   | UNI | NULL              |                             |
| phone      | varchar(120)     | NO   | UNI | NULL              |                             |
| created_at | datetime         | YES  |     | CURRENT_TIMESTAMP |                             |
| updated_at | datetime         | YES  |     | CURRENT_TIMESTAMP | on update CURRENT_TIMESTAMP |
+------------+------------------+------+-----+-------------------+-----------------------------+
7 rows in set (0.00 sec)

mysql> DESC profiles;
+----------+------------------+------+-----+---------+-------+
| Field    | Type             | Null | Key | Default | Extra |
+----------+------------------+------+-----+---------+-------+
| user_id  | int(10) unsigned | NO   | PRI | NULL    |       |
| gender   | char(1)          | NO   |     | NULL    |       |
| birthday | date             | YES  |     | NULL    |       |
| city     | varchar(100)     | YES  |     | NULL    |       |
| country  | varchar(100)     | YES  |     | NULL    |       |
| photo_id | int(10) unsigned | YES  |     | NULL    |       |
+----------+------------------+------+-----+---------+-------+
6 rows in set (0.00 sec)

mysql> SELECT * FROM INFORMATION_SCHEMA
    -> ;
ERROR 1146 (42S02): Table 'vk.INFORMATION_SCHEMA' doesn't exist
mysql> USE shop;
Reading table information for completion of table and column names
You can turn off this feature to get a quicker startup with -A

Database changed
mysql> DESC users;
+-------------+---------------------+------+-----+-------------------+-----------------------------+
| Field       | Type                | Null | Key | Default           | Extra                       |
+-------------+---------------------+------+-----+-------------------+-----------------------------+
| id          | bigint(20) unsigned | NO   | PRI | NULL              | auto_increment              |
| name        | varchar(255)        | YES  |     | NULL              |                             |
| birthday_at | date                | YES  |     | NULL              |                             |
| created_at  | datetime            | YES  |     | CURRENT_TIMESTAMP |                             |
| updated_at  | datetime            | YES  |     | CURRENT_TIMESTAMP | on update CURRENT_TIMESTAMP |
+-------------+---------------------+------+-----+-------------------+-----------------------------+
5 rows in set (0.00 sec)

mysql> DESC storehouses_products;
+---------------+---------------------+------+-----+-------------------+-----------------------------+
| Field         | Type                | Null | Key | Default           | Extra                       |
+---------------+---------------------+------+-----+-------------------+-----------------------------+
| id            | bigint(20) unsigned | NO   | PRI | NULL              | auto_increment              |
| storehouse_id | int(10) unsigned    | YES  |     | NULL              |                             |
| product_id    | int(10) unsigned    | YES  |     | NULL              |                             |
| value         | int(10) unsigned    | YES  |     | NULL              |                             |
| created_at    | datetime            | YES  |     | CURRENT_TIMESTAMP |                             |
| updated_at    | datetime            | YES  |     | CURRENT_TIMESTAMP | on update CURRENT_TIMESTAMP |
+---------------+---------------------+------+-----+-------------------+-----------------------------+
6 rows in set (0.00 sec)

mysql> INSERT INTO storehouses_products (storehouses_id, product_id, value,) VALUES
    ->   ('1', '2', '40'),
    ->   ('1', '1', '0'),
    ->   ('1', '3', '20'),
    ->   ('1', '4', '50'),
    ->   ('1', '5', '10'),
    ->   ('2', '6', '0'),
    ->   ('2', '7', '300');
ERROR 1064 (42000): You have an error in your SQL syntax; check the manual that corresponds to your My                                 SQL server version for the right syntax to use near ') VALUES
  ('1', '2', '40'),
  ('1', '1', '0'),
  ('1', '3', '20'),
  ('1', '4',' at line 1
mysql> INSERT INTO storehouses_products (storehouses_id, product_id, value,) VALUES
    ->   (1, 2, 40),
    ->   (1, 1, 0),
    ->   (1, 3, 20),
    ->   (1, 4, 50),
    ->   (1, 5, 10),
    ->   (2, 6, 0),
    ->   (2, 7, 300);
ERROR 1064 (42000): You have an error in your SQL syntax; check the manual that corresponds to your My                                 SQL server version for the right syntax to use near ') VALUES
  (1, 2, 40),
  (1, 1, 0),
  (1, 3, 20),
  (1, 4, 50),
  (1, 5, 10),
  ' at line 1
mysql> INSERT INTO storehouses_products (storehouses_id, product_id, value,) VALUES
    ->   (1, 2, 40),
    ->   (1, 1, 0),
    ->   (1, 3, 20),
    ->   (1, 4, 50),
    ->   (1, 5, 10),
    ->   (2, 6, 0),
    ->
    -> ;
ERROR 1064 (42000): You have an error in your SQL syntax; check the manual that corresponds to your MySQL se                           rver version for the right syntax to use near ') VALUES
  (1, 2, 40),
  (1, 1, 0),
  (1, 3, 20),
  (1, 4, 50),
  (1, 5, 10),
  ' at line 1
mysql> INSERT INTO storehouses_products (storehouses_id, product_id, value) VALUES
    ->   (1, 2, 40),
    ->   (1, 1, 0),
    ->   (1, 3, 20),
    ->   (1, 4, 50),
    ->   (1, 5, 10),
    ->   (2, 6, 0),
    ->   (2, 7, 300);
ERROR 1054 (42S22): Unknown column 'storehouses_id' in 'field list'
mysql> INSERT INTO storehouses_products (storehouse_id, product_id, value) VALUES
    ->   (1, 2, 40),
    ->   (1, 1, 0),
    ->   (1, 3, 20),
    ->   (1, 4, 50),
    ->   (1, 5, 10),
    ->   (2, 6, 0),
    ->   (2, 7, 300);
Query OK, 7 rows affected (0.00 sec)
Records: 7  Duplicates: 0  Warnings: 0

mysql> SELECT * FROM storehouses_products;
+----+---------------+------------+-------+---------------------+---------------------+
| id | storehouse_id | product_id | value | created_at          | updated_at          |
+----+---------------+------------+-------+---------------------+---------------------+
|  1 |             1 |          2 |    40 | 2020-05-04 17:49:51 | 2020-05-04 17:49:51 |
|  2 |             1 |          1 |     0 | 2020-05-04 17:49:51 | 2020-05-04 17:49:51 |
|  3 |             1 |          3 |    20 | 2020-05-04 17:49:51 | 2020-05-04 17:49:51 |
|  4 |             1 |          4 |    50 | 2020-05-04 17:49:51 | 2020-05-04 17:49:51 |
|  5 |             1 |          5 |    10 | 2020-05-04 17:49:51 | 2020-05-04 17:49:51 |
|  6 |             2 |          6 |     0 | 2020-05-04 17:49:51 | 2020-05-04 17:49:51 |
|  7 |             2 |          7 |   300 | 2020-05-04 17:49:51 | 2020-05-04 17:49:51 |
+----+---------------+------------+-------+---------------------+---------------------+
7 rows in set (0.00 sec)

mysql> SELECT id, storehouse_id, product_id, value FROM storehouses_products ORDER BY value;
+----+---------------+------------+-------+
| id | storehouse_id | product_id | value |
+----+---------------+------------+-------+
|  2 |             1 |          1 |     0 |
|  6 |             2 |          6 |     0 |
|  5 |             1 |          5 |    10 |
|  3 |             1 |          3 |    20 |
|  1 |             1 |          2 |    40 |
|  4 |             1 |          4 |    50 |
|  7 |             2 |          7 |   300 |
+----+---------------+------------+-------+
7 rows in set (0.00 sec)

mysql> SELECT id, storehouse_id, product_id, value FROM storehouses_products ORDER BY value WHERE value > 0;                           
ERROR 1064 (42000): You have an error in your SQL syntax; check the manual that corresponds to your MySQL se                           rver version for the right syntax to use near 'WHERE value > 0' at line 1
mysql> SELECT id, storehouse_id, product_id, value FROM storehouses_products WHERE value > 0  ORDER BY value                           ;
+----+---------------+------------+-------+
| id | storehouse_id | product_id | value |
+----+---------------+------------+-------+
|  5 |             1 |          5 |    10 |
|  3 |             1 |          3 |    20 |
|  1 |             1 |          2 |    40 |
|  4 |             1 |          4 |    50 |
|  7 |             2 |          7 |   300 |
+----+---------------+------------+-------+
5 rows in set (0.00 sec)

mysql> SELECT id, storehouse_id, product_id, value FROM storehouses_products WHERE value > 0  ORDER BY value                           ;mysql>SELECT id, storehouse_id, product_id, value FROM storehouses_products WHERE value > 0  ORDER BY value;
+----+---------------+------------+-------+
| id | storehouse_id | product_id | value |
+----+---------------+------------+-------+
|  5 |             1 |          5 |    10 |
|  3 |             1 |          3 |    20 |
|  1 |             1 |          2 |    40 |
|  4 |             1 |          4 |    50 |
|  7 |             2 |          7 |   300 |
+----+---------------+------------+-------+
5 rows in set (0.00 sec)

mysql> SELECT id, storehouse_id, product_id, value FROM storehouses_products ORDER BY value DESC;
+----+---------------+------------+-------+
| id | storehouse_id | product_id | value |
+----+---------------+------------+-------+
|  7 |             2 |          7 |   300 |
|  4 |             1 |          4 |    50 |
|  1 |             1 |          2 |    40 |
|  3 |             1 |          3 |    20 |
|  5 |             1 |          5 |    10 |
|  2 |             1 |          1 |     0 |
|  6 |             2 |          6 |     0 |
+----+---------------+------------+-------+
7 rows in set (0.00 sec)

mysql> SELECT id, storehouse_id, product_id, value FROM storehouses_products ORDER BY value DESC, value;
+----+---------------+------------+-------+
| id | storehouse_id | product_id | value |
+----+---------------+------------+-------+
|  7 |             2 |          7 |   300 |
|  4 |             1 |          4 |    50 |
|  1 |             1 |          2 |    40 |
|  3 |             1 |          3 |    20 |
|  5 |             1 |          5 |    10 |
|  2 |             1 |          1 |     0 |
|  6 |             2 |          6 |     0 |
+----+---------------+------------+-------+
7 rows in set (0.00 sec)

mysql> SELECT id, storehouse_id, product_id, value FROM storehouses_products ORDER BY value DESC,

^C
mysql> SELECT id, storehouse_id, product_id, value FROM storehouses_products ORDER BY value DESC,
    ->  SELECT id, storehouse_id, product_id, value FROM storehouses_products WHERE value > 0 ORDER BY value;
ERROR 1064 (42000): You have an error in your SQL syntax; check the manual that corresponds to your MySQL server version for the right syntax to use near 'SELECT id, storehouse_id, product_id, value FROM storehouses_products WHERE valu' at line 2
mysql>  SELECT id, storehouse_id, product_id, value FROM storehouses_products ORDER BY IF value = 0, value;                            ERROR 1064 (42000): You have an error in your SQL syntax; check the manual that corresponds to your MySQL server version for the right syntax to use near 'value = 0, value' at line 1
mysql>  SELECT id, storehouse_id, product_id, value FROM storehouses_products ORDER BY value = 0, value;
+----+---------------+------------+-------+
| id | storehouse_id | product_id | value |
+----+---------------+------------+-------+
|  5 |             1 |          5 |    10 |
|  3 |             1 |          3 |    20 |
|  1 |             1 |          2 |    40 |
|  4 |             1 |          4 |    50 |
|  7 |             2 |          7 |   300 |
|  2 |             1 |          1 |     0 |
|  6 |             2 |          6 |     0 |
+----+---------------+------------+-------+
7 rows in set (0.00 sec)

mysql>  SELECT id, storehouse_id, product_id, value FROM storehouses_products ORDER BY value, value = 0;
+----+---------------+------------+-------+
| id | storehouse_id | product_id | value |
+----+---------------+------------+-------+
|  2 |             1 |          1 |     0 |
|  6 |             2 |          6 |     0 |
|  5 |             1 |          5 |    10 |
|  3 |             1 |          3 |    20 |
|  1 |             1 |          2 |    40 |
|  4 |             1 |          4 |    50 |
|  7 |             2 |          7 |   300 |
+----+---------------+------------+-------+
7 rows in set (0.00 sec)

mysql>  SELECT id, storehouse_id, product_id, value FROM storehouses_products ORDER BY value = 0, value;
+----+---------------+------------+-------+
| id | storehouse_id | product_id | value |
+----+---------------+------------+-------+
|  5 |             1 |          5 |    10 |
|  3 |             1 |          3 |    20 |
|  1 |             1 |          2 |    40 |
|  4 |             1 |          4 |    50 |
|  7 |             2 |          7 |   300 |
|  2 |             1 |          1 |     0 |
|  6 |             2 |          6 |     0 |
+----+---------------+------------+-------+
7 rows in set (0.00 sec)

mysql>




